<?xml version="1.0" encoding="utf-8"?><testsuites name="pytest tests"><testsuite name="pytest" errors="3" failures="0" skipped="0" tests="3" time="0.717" timestamp="2026-03-13T16:34:44.575602+01:00" hostname="DESKTOP-6K5CMU0"><testcase classname="" name="app.test.test_geolocations" time="0.000"><error message="collection failure">ImportError while importing test module 'C:\Users\ghadb\Desktop\testmelo\Melo-News\app\test\test_geolocations.py'.
Hint: make sure your test modules/packages have valid Python names.
Traceback:
E:\Tools\python\Lib\site-packages\_pytest\python.py:507: in importtestmodule
    mod = import_path(
E:\Tools\python\Lib\site-packages\_pytest\pathlib.py:587: in import_path
    importlib.import_module(module_name)
E:\Tools\python\Lib\importlib\__init__.py:88: in import_module
    return _bootstrap._gcd_import(name[level:], package, level)
           ^^^^^^^^^^^^^^^^^^^^^^^^^^^^^^^^^^^^^^^^^^^^^^^^^^^^
&lt;frozen importlib._bootstrap&gt;:1387: in _gcd_import
    ???
&lt;frozen importlib._bootstrap&gt;:1360: in _find_and_load
    ???
&lt;frozen importlib._bootstrap&gt;:1331: in _find_and_load_unlocked
    ???
&lt;frozen importlib._bootstrap&gt;:935: in _load_unlocked
    ???
E:\Tools\python\Lib\site-packages\_pytest\assertion\rewrite.py:197: in exec_module
    exec(co, module.__dict__)
Melo-News\app\test\test_geolocations.py:11: in &lt;module&gt;
    from modules.location_detector import detect_palestine_location
Melo-News\modules\location_detector.py:2: in &lt;module&gt;
    import spacy
E   ModuleNotFoundError: No module named 'spacy'</error></testcase><testcase classname="" name="app.test.test_kafka_direct" time="0.000"><error message="collection failure">ImportError while importing test module 'C:\Users\ghadb\Desktop\testmelo\Melo-News\app\test\test_kafka_direct.py'.
Hint: make sure your test modules/packages have valid Python names.
Traceback:
E:\Tools\python\Lib\site-packages\_pytest\python.py:507: in importtestmodule
    mod = import_path(
E:\Tools\python\Lib\site-packages\_pytest\pathlib.py:587: in import_path
    importlib.import_module(module_name)
E:\Tools\python\Lib\importlib\__init__.py:88: in import_module
    return _bootstrap._gcd_import(name[level:], package, level)
           ^^^^^^^^^^^^^^^^^^^^^^^^^^^^^^^^^^^^^^^^^^^^^^^^^^^^
&lt;frozen importlib._bootstrap&gt;:1387: in _gcd_import
    ???
&lt;frozen importlib._bootstrap&gt;:1360: in _find_and_load
    ???
&lt;frozen importlib._bootstrap&gt;:1331: in _find_and_load_unlocked
    ???
&lt;frozen importlib._bootstrap&gt;:935: in _load_unlocked
    ???
E:\Tools\python\Lib\site-packages\_pytest\assertion\rewrite.py:197: in exec_module
    exec(co, module.__dict__)
Melo-News\app\test\test_kafka_direct.py:11: in &lt;module&gt;
    from confluent_kafka import Consumer, KafkaError
E   ModuleNotFoundError: No module named 'confluent_kafka'</error></testcase><testcase classname="" name="app.test.test_kafka_producer" time="0.000"><error message="collection failure">ImportError while importing test module 'C:\Users\ghadb\Desktop\testmelo\Melo-News\app\test\test_kafka_producer.py'.
Hint: make sure your test modules/packages have valid Python names.
Traceback:
E:\Tools\python\Lib\site-packages\_pytest\python.py:507: in importtestmodule
    mod = import_path(
E:\Tools\python\Lib\site-packages\_pytest\pathlib.py:587: in import_path
    importlib.import_module(module_name)
E:\Tools\python\Lib\importlib\__init__.py:88: in import_module
    return _bootstrap._gcd_import(name[level:], package, level)
           ^^^^^^^^^^^^^^^^^^^^^^^^^^^^^^^^^^^^^^^^^^^^^^^^^^^^
&lt;frozen importlib._bootstrap&gt;:1387: in _gcd_import
    ???
&lt;frozen importlib._bootstrap&gt;:1360: in _find_and_load
    ???
&lt;frozen importlib._bootstrap&gt;:1331: in _find_and_load_unlocked
    ???
&lt;frozen importlib._bootstrap&gt;:935: in _load_unlocked
    ???
E:\Tools\python\Lib\site-packages\_pytest\assertion\rewrite.py:197: in exec_module
    exec(co, module.__dict__)
Melo-News\app\test\test_kafka_producer.py:17: in &lt;module&gt;
    from selenium import webdriver
E   ModuleNotFoundError: No module named 'selenium'</error></testcase></testsuite></testsuites>